model=hyena  layer=0  pool=mean  shift=0.0008034018101170659  shift_rand=0.0008846214623190463  refalt=0.5828  ref_copy=0.5828  ref_only=0.5798  diff_lin=0.4833  diff_gbt=0.5302  rand_gbt=0.5471  delta=-0.0000
model=hyena  layer=0  pool=w1k  shift=0.012168756686151028  shift_rand=0.013385722413659096  refalt=0.5912  ref_copy=0.5910  ref_only=0.5930  diff_lin=0.5001  diff_gbt=0.5453  rand_gbt=0.5513  delta=0.0002
model=hyena  layer=0  pool=w64  shift=0.06050566956400871  shift_rand=0.06944635510444641  refalt=0.5659  ref_copy=0.5656  ref_only=0.5705  diff_lin=0.5012  diff_gbt=0.5449  rand_gbt=0.5493  delta=0.0003
model=hyena  layer=0  pool=pos  shift=0.8684074878692627  shift_rand=0.9392328262329102  refalt=0.5577  ref_copy=0.5664  ref_only=0.5722  diff_lin=0.4961  diff_gbt=0.5302  rand_gbt=0.5578  delta=-0.0087
model=hyena  layer=1  pool=mean  shift=0.0007637643138878047  shift_rand=0.0008280030451714993  refalt=0.5909  ref_copy=0.5909  ref_only=0.5878  diff_lin=0.4876  diff_gbt=0.5296  rand_gbt=0.5426  delta=0.0000
model=hyena  layer=1  pool=w1k  shift=0.009784679859876633  shift_rand=0.010820368304848671  refalt=0.5957  ref_copy=0.5957  ref_only=0.5973  diff_lin=0.4913  diff_gbt=0.5561  rand_gbt=0.5474  delta=-0.0000
model=hyena  layer=1  pool=w64  shift=0.05287417024374008  shift_rand=0.062029287219047546  refalt=0.5719  ref_copy=0.5725  ref_only=0.5759  diff_lin=0.5003  diff_gbt=0.5404  rand_gbt=0.5378  delta=-0.0006
model=hyena  layer=1  pool=pos  shift=0.8687698245048523  shift_rand=0.9929293394088745  refalt=0.5480  ref_copy=0.5554  ref_only=0.5616  diff_lin=0.4965  diff_gbt=0.5381  rand_gbt=0.5479  delta=-0.0074
model=hyena  layer=2  pool=mean  shift=0.000875843339599669  shift_rand=0.0009896236006170511  refalt=0.5699  ref_copy=0.5699  ref_only=0.5728  diff_lin=0.5113  diff_gbt=0.5355  rand_gbt=0.5526  delta=-0.0000
model=hyena  layer=2  pool=w1k  shift=0.010688666254281998  shift_rand=0.012792648747563362  refalt=0.5909  ref_copy=0.5908  ref_only=0.5940  diff_lin=0.4968  diff_gbt=0.5453  rand_gbt=0.5292  delta=0.0001
model=hyena  layer=2  pool=w64  shift=0.04704485088586807  shift_rand=0.0593365877866745  refalt=0.5751  ref_copy=0.5770  ref_only=0.5806  diff_lin=0.4969  diff_gbt=0.5419  rand_gbt=0.5468  delta=-0.0019
model=hyena  layer=2  pool=pos  shift=0.7715802192687988  shift_rand=0.9113160967826843  refalt=0.5561  ref_copy=0.5627  ref_only=0.5722  diff_lin=0.4915  diff_gbt=0.5278  rand_gbt=0.5494  delta=-0.0066
model=hyena  layer=3  pool=mean  shift=0.0007721589645370841  shift_rand=0.0008661391329951584  refalt=0.5641  ref_copy=0.5640  ref_only=0.5668  diff_lin=0.4946  diff_gbt=0.5280  rand_gbt=0.5309  delta=0.0000
model=hyena  layer=3  pool=w1k  shift=0.009542698040604591  shift_rand=0.01135207712650299  refalt=0.5918  ref_copy=0.5920  ref_only=0.5956  diff_lin=0.4853  diff_gbt=0.5277  rand_gbt=0.5320  delta=-0.0003
model=hyena  layer=3  pool=w64  shift=0.04292970150709152  shift_rand=0.05429165065288544  refalt=0.5792  ref_copy=0.5809  ref_only=0.5842  diff_lin=0.4863  diff_gbt=0.5357  rand_gbt=0.5477  delta=-0.0017
model=hyena  layer=3  pool=pos  shift=0.7204999923706055  shift_rand=0.8775578141212463  refalt=0.5463  ref_copy=0.5587  ref_only=0.5647  diff_lin=0.4792  diff_gbt=0.5264  rand_gbt=0.5463  delta=-0.0123
model=hyena  layer=4  pool=mean  shift=0.0007160334498621523  shift_rand=0.0007916424656286836  refalt=0.5655  ref_copy=0.5654  ref_only=0.5678  diff_lin=0.5178  diff_gbt=0.5178  rand_gbt=0.5460  delta=0.0000
model=hyena  layer=4  pool=w1k  shift=0.008412498980760574  shift_rand=0.010018771514296532  refalt=0.6016  ref_copy=0.6017  ref_only=0.6032  diff_lin=0.4933  diff_gbt=0.5258  rand_gbt=0.5457  delta=-0.0001
model=hyena  layer=4  pool=w64  shift=0.03943087160587311  shift_rand=0.05023433268070221  refalt=0.5814  ref_copy=0.5827  ref_only=0.5850  diff_lin=0.4842  diff_gbt=0.5418  rand_gbt=0.5428  delta=-0.0013
model=hyena  layer=4  pool=pos  shift=0.6857681274414062  shift_rand=0.8491929173469543  refalt=0.5529  ref_copy=0.5586  ref_only=0.5637  diff_lin=0.4941  diff_gbt=0.5242  rand_gbt=0.5364  delta=-0.0057
model=hyena  layer=5  pool=mean  shift=0.0006547500379383564  shift_rand=0.0007172015612013638  refalt=0.5762  ref_copy=0.5762  ref_only=0.5788  diff_lin=0.5154  diff_gbt=0.5197  rand_gbt=0.5256  delta=0.0000
model=hyena  layer=5  pool=w1k  shift=0.007208614610135555  shift_rand=0.008619505912065506  refalt=0.5973  ref_copy=0.5977  ref_only=0.5990  diff_lin=0.4871  diff_gbt=0.5315  rand_gbt=0.5415  delta=-0.0004
model=hyena  layer=5  pool=w64  shift=0.03457429260015488  shift_rand=0.0437137708067894  refalt=0.5778  ref_copy=0.5799  ref_only=0.5839  diff_lin=0.4685  diff_gbt=0.5369  rand_gbt=0.5383  delta=-0.0021
model=hyena  layer=5  pool=pos  shift=0.7014928460121155  shift_rand=0.8199528455734253  refalt=0.5417  ref_copy=0.5532  ref_only=0.5595  diff_lin=0.4837  diff_gbt=0.5287  rand_gbt=0.5496  delta=-0.0115
model=hyena  layer=6  pool=mean  shift=0.0006050055380910635  shift_rand=0.0006627378752455115  refalt=0.5635  ref_copy=0.5634  ref_only=0.5664  diff_lin=0.5089  diff_gbt=0.5320  rand_gbt=0.5136  delta=0.0000
model=hyena  layer=6  pool=w1k  shift=0.006507421378046274  shift_rand=0.00773631501942873  refalt=0.5966  ref_copy=0.5969  ref_only=0.5989  diff_lin=0.4885  diff_gbt=0.5267  rand_gbt=0.5386  delta=-0.0002
model=hyena  layer=6  pool=w64  shift=0.031006911769509315  shift_rand=0.03894076868891716  refalt=0.5868  ref_copy=0.5884  ref_only=0.5919  diff_lin=0.4838  diff_gbt=0.5383  rand_gbt=0.5353  delta=-0.0016
model=hyena  layer=6  pool=pos  shift=0.7265030145645142  shift_rand=0.8280839920043945  refalt=0.5389  ref_copy=0.5518  ref_only=0.5584  diff_lin=0.4796  diff_gbt=0.5386  rand_gbt=0.5409  delta=-0.0129
model=hyena  layer=7  pool=mean  shift=0.00036587531212717295  shift_rand=0.00038866285467520356  refalt=0.5557  ref_copy=0.5557  ref_only=0.5593  diff_lin=0.4863  diff_gbt=0.5307  rand_gbt=0.5338  delta=0.0000
model=hyena  layer=7  pool=w1k  shift=0.0025933359283953905  shift_rand=0.003095244523137808  refalt=0.5906  ref_copy=0.5908  ref_only=0.5918  diff_lin=0.4798  diff_gbt=0.5464  rand_gbt=0.5387  delta=-0.0002
model=hyena  layer=7  pool=w64  shift=0.014326677657663822  shift_rand=0.017540553584694862  refalt=0.5901  ref_copy=0.5918  ref_only=0.5955  diff_lin=0.4764  diff_gbt=0.5462  rand_gbt=0.5546  delta=-0.0017
model=hyena  layer=7  pool=pos  shift=0.48173993825912476  shift_rand=0.5289984941482544  refalt=0.5468  ref_copy=0.5567  ref_only=0.5654  diff_lin=0.4760  diff_gbt=0.5451  rand_gbt=0.5381  delta=-0.0099
model=hyena  layer=final  pool=mean  shift=0.0002807211421895772  shift_rand=0.00029784051002934575  refalt=0.5563  ref_copy=0.5564  ref_only=0.5610  diff_lin=0.4961  diff_gbt=0.5299  rand_gbt=0.5477  delta=-0.0000
model=hyena  layer=final  pool=w1k  shift=0.0020050504244863987  shift_rand=0.002358034485951066  refalt=0.5887  ref_copy=0.5888  ref_only=0.5915  diff_lin=0.4677  diff_gbt=0.5490  rand_gbt=0.5340  delta=-0.0001
model=hyena  layer=final  pool=w64  shift=0.010867518372833729  shift_rand=0.013235476799309254  refalt=0.5840  ref_copy=0.5864  ref_only=0.5893  diff_lin=0.4750  diff_gbt=0.5535  rand_gbt=0.5442  delta=-0.0024
model=hyena  layer=final  pool=pos  shift=0.39529457688331604  shift_rand=0.42788732051849365  refalt=0.5374  ref_copy=0.5483  ref_only=0.5569  diff_lin=0.4800  diff_gbt=0.5427  rand_gbt=0.5577  delta=-0.0109
model=caduceus  layer=0  pool=mean  shift=0.00014610416837967932  shift_rand=0.0001475313474657014  refalt=0.5694  ref_copy=0.5695  ref_only=0.5762  diff_lin=0.4903  diff_gbt=0.5264  rand_gbt=0.5247  delta=-0.0001
model=caduceus  layer=0  pool=w1k  shift=0.0017319336766377091  shift_rand=0.0017300149193033576  refalt=0.6039  ref_copy=0.6038  ref_only=0.6048  diff_lin=0.5074  diff_gbt=0.5458  rand_gbt=0.5284  delta=0.0001
model=caduceus  layer=0  pool=w64  shift=0.015457253903150558  shift_rand=0.01660112664103508  refalt=0.5953  ref_copy=0.5977  ref_only=0.5984  diff_lin=0.4945  diff_gbt=0.5292  rand_gbt=0.5150  delta=-0.0024
model=caduceus  layer=0  pool=pos  shift=0.7574552893638611  shift_rand=0.8365633487701416  refalt=0.5826  ref_copy=0.5820  ref_only=0.5901  diff_lin=0.4963  diff_gbt=0.5297  rand_gbt=0.5225  delta=0.0006
model=caduceus  layer=1  pool=mean  shift=0.0002555748214945197  shift_rand=0.0002634675765875727  refalt=0.5578  ref_copy=0.5579  ref_only=0.5618  diff_lin=0.5044  diff_gbt=0.5213  rand_gbt=0.5348  delta=-0.0001
model=caduceus  layer=1  pool=w1k  shift=0.0032457702327519655  shift_rand=0.0034063607454299927  refalt=0.6000  ref_copy=0.6003  ref_only=0.6022  diff_lin=0.5150  diff_gbt=0.5337  rand_gbt=0.5375  delta=-0.0003
model=caduceus  layer=1  pool=w64  shift=0.02685389667749405  shift_rand=0.03163424879312515  refalt=0.5756  ref_copy=0.5789  ref_only=0.5814  diff_lin=0.4978  diff_gbt=0.5381  rand_gbt=0.5431  delta=-0.0034
model=caduceus  layer=1  pool=pos  shift=0.7084232568740845  shift_rand=0.7784718871116638  refalt=0.5574  ref_copy=0.5659  ref_only=0.5681  diff_lin=0.4880  diff_gbt=0.5351  rand_gbt=0.5352  delta=-0.0086
model=caduceus  layer=2  pool=mean  shift=0.00040332175558432937  shift_rand=0.00044417273602448404  refalt=0.5313  ref_copy=0.5314  ref_only=0.5381  diff_lin=0.4916  diff_gbt=0.5213  rand_gbt=0.5193  delta=-0.0001
model=caduceus  layer=2  pool=w1k  shift=0.004886087961494923  shift_rand=0.0056794025003910065  refalt=0.5919  ref_copy=0.5925  ref_only=0.5946  diff_lin=0.4949  diff_gbt=0.5480  rand_gbt=0.5404  delta=-0.0007
model=caduceus  layer=2  pool=w64  shift=0.03729046881198883  shift_rand=0.05088581144809723  refalt=0.5746  ref_copy=0.5787  ref_only=0.5793  diff_lin=0.4866  diff_gbt=0.5323  rand_gbt=0.5345  delta=-0.0041
model=caduceus  layer=2  pool=pos  shift=0.6310664415359497  shift_rand=0.6920720338821411  refalt=0.5632  ref_copy=0.5753  ref_only=0.5771  diff_lin=0.4853  diff_gbt=0.5284  rand_gbt=0.5305  delta=-0.0121
model=caduceus  layer=3  pool=mean  shift=0.000470917671918869  shift_rand=0.0005249565001577139  refalt=0.5411  ref_copy=0.5411  ref_only=0.5397  diff_lin=0.4959  diff_gbt=0.5270  rand_gbt=0.5281  delta=0.0000
model=caduceus  layer=3  pool=w1k  shift=0.005306500941514969  shift_rand=0.006415273062884808  refalt=0.5934  ref_copy=0.5931  ref_only=0.5954  diff_lin=0.4877  diff_gbt=0.5324  rand_gbt=0.5332  delta=0.0003
model=caduceus  layer=3  pool=w64  shift=0.040387287735939026  shift_rand=0.0569881871342659  refalt=0.5787  ref_copy=0.5804  ref_only=0.5822  diff_lin=0.4800  diff_gbt=0.5319  rand_gbt=0.5344  delta=-0.0017
model=caduceus  layer=3  pool=pos  shift=0.5818585157394409  shift_rand=0.6462057828903198  refalt=0.5568  ref_copy=0.5654  ref_only=0.5653  diff_lin=0.4896  diff_gbt=0.5274  rand_gbt=0.5232  delta=-0.0086
model=caduceus  layer=4  pool=mean  shift=0.0005802909145131707  shift_rand=0.0006690766313113272  refalt=0.5313  ref_copy=0.5313  ref_only=0.5342  diff_lin=0.4991  diff_gbt=0.5225  rand_gbt=0.5413  delta=-0.0000
model=caduceus  layer=4  pool=w1k  shift=0.007029220461845398  shift_rand=0.009011900052428246  refalt=0.5892  ref_copy=0.5891  ref_only=0.5915  diff_lin=0.5018  diff_gbt=0.5511  rand_gbt=0.5374  delta=0.0001
model=caduceus  layer=4  pool=w64  shift=0.04720156639814377  shift_rand=0.06699682772159576  refalt=0.5745  ref_copy=0.5762  ref_only=0.5772  diff_lin=0.4900  diff_gbt=0.5394  rand_gbt=0.5292  delta=-0.0017
model=caduceus  layer=4  pool=pos  shift=0.5096054673194885  shift_rand=0.5661908388137817  refalt=0.5517  ref_copy=0.5587  ref_only=0.5566  diff_lin=0.4983  diff_gbt=0.5316  rand_gbt=0.5471  delta=-0.0070
model=caduceus  layer=5  pool=mean  shift=0.0005895468639209867  shift_rand=0.0006810601335018873  refalt=0.5305  ref_copy=0.5305  ref_only=0.5312  diff_lin=0.4918  diff_gbt=0.5291  rand_gbt=0.5415  delta=0.0000
model=caduceus  layer=5  pool=w1k  shift=0.006813928484916687  shift_rand=0.008754179812967777  refalt=0.5885  ref_copy=0.5885  ref_only=0.5905  diff_lin=0.5042  diff_gbt=0.5473  rand_gbt=0.5378  delta=0.0000
model=caduceus  layer=5  pool=w64  shift=0.045685991644859314  shift_rand=0.06476706266403198  refalt=0.5777  ref_copy=0.5775  ref_only=0.5776  diff_lin=0.4986  diff_gbt=0.5366  rand_gbt=0.5292  delta=0.0002
model=caduceus  layer=5  pool=pos  shift=0.47348228096961975  shift_rand=0.5363717079162598  refalt=0.5535  ref_copy=0.5616  ref_only=0.5603  diff_lin=0.4938  diff_gbt=0.5349  rand_gbt=0.5482  delta=-0.0081
model=caduceus  layer=6  pool=mean  shift=0.0006895337719470263  shift_rand=0.0007893044967204332  refalt=0.5279  ref_copy=0.5278  ref_only=0.5255  diff_lin=0.5042  diff_gbt=0.5320  rand_gbt=0.5252  delta=0.0000
model=caduceus  layer=6  pool=w1k  shift=0.007034886162728071  shift_rand=0.009049758315086365  refalt=0.5896  ref_copy=0.5896  ref_only=0.5926  diff_lin=0.5076  diff_gbt=0.5389  rand_gbt=0.5283  delta=0.0000
model=caduceus  layer=6  pool=w64  shift=0.04445324093103409  shift_rand=0.06181594729423523  refalt=0.5910  ref_copy=0.5905  ref_only=0.5914  diff_lin=0.4895  diff_gbt=0.5355  rand_gbt=0.5218  delta=0.0005
model=caduceus  layer=6  pool=pos  shift=0.42850804328918457  shift_rand=0.49234867095947266  refalt=0.5496  ref_copy=0.5594  ref_only=0.5612  diff_lin=0.4961  diff_gbt=0.5375  rand_gbt=0.5393  delta=-0.0098
model=caduceus  layer=7  pool=mean  shift=0.0007495018653571606  shift_rand=0.0008454997441731393  refalt=0.5321  ref_copy=0.5320  ref_only=0.5326  diff_lin=0.5020  diff_gbt=0.5373  rand_gbt=0.5350  delta=0.0000
model=caduceus  layer=7  pool=w1k  shift=0.007666681427508593  shift_rand=0.00943925604224205  refalt=0.5918  ref_copy=0.5919  ref_only=0.5941  diff_lin=0.4985  diff_gbt=0.5597  rand_gbt=0.5412  delta=-0.0001
model=caduceus  layer=7  pool=w64  shift=0.04057954624295235  shift_rand=0.05266351252794266  refalt=0.5801  ref_copy=0.5819  ref_only=0.5829  diff_lin=0.4801  diff_gbt=0.5538  rand_gbt=0.5358  delta=-0.0019
model=caduceus  layer=7  pool=pos  shift=0.41114819049835205  shift_rand=0.4593377709388733  refalt=0.5536  ref_copy=0.5677  ref_only=0.5660  diff_lin=0.4888  diff_gbt=0.5543  rand_gbt=0.5413  delta=-0.0141
model=caduceus  layer=8  pool=mean  shift=0.0006926438072696328  shift_rand=0.0007780070300213993  refalt=0.5395  ref_copy=0.5395  ref_only=0.5383  diff_lin=0.5070  diff_gbt=0.5490  rand_gbt=0.5400  delta=0.0001
model=caduceus  layer=8  pool=w1k  shift=0.007094713859260082  shift_rand=0.008612394332885742  refalt=0.5884  ref_copy=0.5885  ref_only=0.5907  diff_lin=0.4966  diff_gbt=0.5643  rand_gbt=0.5434  delta=-0.0001
model=caduceus  layer=8  pool=w64  shift=0.03795420378446579  shift_rand=0.0472990907728672  refalt=0.5846  ref_copy=0.5862  ref_only=0.5876  diff_lin=0.4778  diff_gbt=0.5615  rand_gbt=0.5590  delta=-0.0016
model=caduceus  layer=8  pool=pos  shift=0.4525908827781677  shift_rand=0.5117970705032349  refalt=0.5579  ref_copy=0.5659  ref_only=0.5692  diff_lin=0.4932  diff_gbt=0.5489  rand_gbt=0.5326  delta=-0.0080
model=caduceus  layer=9  pool=mean  shift=0.0006338998209685087  shift_rand=0.0007038000621832907  refalt=0.5115  ref_copy=0.5114  ref_only=0.5133  diff_lin=0.4980  diff_gbt=0.5332  rand_gbt=0.5468  delta=0.0001
model=caduceus  layer=9  pool=w1k  shift=0.006287023890763521  shift_rand=0.0077108414843678474  refalt=0.5886  ref_copy=0.5887  ref_only=0.5908  diff_lin=0.4905  diff_gbt=0.5599  rand_gbt=0.5560  delta=-0.0001
model=caduceus  layer=9  pool=w64  shift=0.03519008308649063  shift_rand=0.043677493929862976  refalt=0.5849  ref_copy=0.5867  ref_only=0.5877  diff_lin=0.4737  diff_gbt=0.5585  rand_gbt=0.5358  delta=-0.0019
model=caduceus  layer=9  pool=pos  shift=0.4800073504447937  shift_rand=0.5552213788032532  refalt=0.5569  ref_copy=0.5638  ref_only=0.5666  diff_lin=0.5061  diff_gbt=0.5563  rand_gbt=0.5601  delta=-0.0069
model=caduceus  layer=10  pool=mean  shift=0.0005901088006794453  shift_rand=0.0006601038621738553  refalt=0.5311  ref_copy=0.5311  ref_only=0.5309  diff_lin=0.4976  diff_gbt=0.5535  rand_gbt=0.5343  delta=-0.0000
model=caduceus  layer=10  pool=w1k  shift=0.005603732541203499  shift_rand=0.006819397211074829  refalt=0.5826  ref_copy=0.5829  ref_only=0.5855  diff_lin=0.4809  diff_gbt=0.5704  rand_gbt=0.5464  delta=-0.0003
model=caduceus  layer=10  pool=w64  shift=0.032144151628017426  shift_rand=0.03971058130264282  refalt=0.5829  ref_copy=0.5850  ref_only=0.5864  diff_lin=0.4793  diff_gbt=0.5608  rand_gbt=0.5456  delta=-0.0021
model=caduceus  layer=10  pool=pos  shift=0.5749269723892212  shift_rand=0.6282918453216553  refalt=0.5640  ref_copy=0.5713  ref_only=0.5710  diff_lin=0.5063  diff_gbt=0.5487  rand_gbt=0.5600  delta=-0.0074
model=caduceus  layer=11  pool=mean  shift=0.0005601006560027599  shift_rand=0.0006273145554587245  refalt=0.5242  ref_copy=0.5242  ref_only=0.5271  diff_lin=0.4911  diff_gbt=0.5318  rand_gbt=0.5204  delta=0.0000
model=caduceus  layer=11  pool=w1k  shift=0.005512841045856476  shift_rand=0.006632596720010042  refalt=0.5835  ref_copy=0.5837  ref_only=0.5868  diff_lin=0.4936  diff_gbt=0.5573  rand_gbt=0.5548  delta=-0.0002
model=caduceus  layer=11  pool=w64  shift=0.03248292952775955  shift_rand=0.038911208510398865  refalt=0.5895  ref_copy=0.5905  ref_only=0.5927  diff_lin=0.4991  diff_gbt=0.5492  rand_gbt=0.5485  delta=-0.0010
model=caduceus  layer=11  pool=pos  shift=0.6312973499298096  shift_rand=0.6893270015716553  refalt=0.5555  ref_copy=0.5665  ref_only=0.5696  diff_lin=0.4981  diff_gbt=0.5631  rand_gbt=0.5646  delta=-0.0110
model=caduceus  layer=12  pool=mean  shift=0.000577435246668756  shift_rand=0.0006284995470196009  refalt=0.5417  ref_copy=0.5415  ref_only=0.5427  diff_lin=0.5004  diff_gbt=0.5323  rand_gbt=0.5318  delta=0.0002
model=caduceus  layer=12  pool=w1k  shift=0.005202260799705982  shift_rand=0.0061365757137537  refalt=0.5882  ref_copy=0.5884  ref_only=0.5907  diff_lin=0.5042  diff_gbt=0.5541  rand_gbt=0.5409  delta=-0.0002
model=caduceus  layer=12  pool=w64  shift=0.03157294541597366  shift_rand=0.03661923110485077  refalt=0.5904  ref_copy=0.5923  ref_only=0.5939  diff_lin=0.5076  diff_gbt=0.5420  rand_gbt=0.5492  delta=-0.0019
model=caduceus  layer=12  pool=pos  shift=0.6832304000854492  shift_rand=0.7097123861312866  refalt=0.5517  ref_copy=0.5682  ref_only=0.5688  diff_lin=0.4876  diff_gbt=0.5627  rand_gbt=0.5707  delta=-0.0165
model=caduceus  layer=13  pool=mean  shift=0.0007037391187623143  shift_rand=0.0007311707595363259  refalt=0.5549  ref_copy=0.5548  ref_only=0.5604  diff_lin=0.4979  diff_gbt=0.5490  rand_gbt=0.5523  delta=0.0001
model=caduceus  layer=13  pool=w1k  shift=0.005819331854581833  shift_rand=0.006300798617303371  refalt=0.6059  ref_copy=0.6062  ref_only=0.6083  diff_lin=0.5095  diff_gbt=0.5612  rand_gbt=0.5475  delta=-0.0003
model=caduceus  layer=13  pool=w64  shift=0.03224935755133629  shift_rand=0.03597303107380867  refalt=0.5979  ref_copy=0.5992  ref_only=0.6014  diff_lin=0.5102  diff_gbt=0.5710  rand_gbt=0.5563  delta=-0.0013
model=caduceus  layer=13  pool=pos  shift=0.7837314605712891  shift_rand=0.8208337426185608  refalt=0.5797  ref_copy=0.5854  ref_only=0.5884  diff_lin=0.4953  diff_gbt=0.5569  rand_gbt=0.5725  delta=-0.0057
model=caduceus  layer=14  pool=mean  shift=0.0006883328314870596  shift_rand=0.0006947650108486414  refalt=0.5625  ref_copy=0.5626  ref_only=0.5651  diff_lin=0.4933  diff_gbt=0.5375  rand_gbt=0.5324  delta=-0.0001
model=caduceus  layer=14  pool=w1k  shift=0.006048658862709999  shift_rand=0.006260234396904707  refalt=0.6017  ref_copy=0.6018  ref_only=0.6034  diff_lin=0.4947  diff_gbt=0.5518  rand_gbt=0.5440  delta=-0.0001
model=caduceus  layer=14  pool=w64  shift=0.039667438715696335  shift_rand=0.04185212403535843  refalt=0.6028  ref_copy=0.6045  ref_only=0.6077  diff_lin=0.5045  diff_gbt=0.5683  rand_gbt=0.5651  delta=-0.0017
model=caduceus  layer=14  pool=pos  shift=1.0098280906677246  shift_rand=1.0415639877319336  refalt=0.5826  ref_copy=0.5876  ref_only=0.5862  diff_lin=0.4944  diff_gbt=0.5630  rand_gbt=0.5556  delta=-0.0050
model=caduceus  layer=15  pool=mean  shift=0.00040495151188224554  shift_rand=0.0004023191868327558  refalt=0.5705  ref_copy=0.5706  ref_only=0.5728  diff_lin=0.5069  diff_gbt=0.5264  rand_gbt=0.5522  delta=-0.0001
model=caduceus  layer=15  pool=w1k  shift=0.003496603574603796  shift_rand=0.00339227425865829  refalt=0.6103  ref_copy=0.6102  ref_only=0.6133  diff_lin=0.4923  diff_gbt=0.5597  rand_gbt=0.5397  delta=0.0001
model=caduceus  layer=15  pool=w64  shift=0.027023378759622574  shift_rand=0.027946196496486664  refalt=0.6097  ref_copy=0.6104  ref_only=0.6139  diff_lin=0.4899  diff_gbt=0.5534  rand_gbt=0.5514  delta=-0.0007
model=caduceus  layer=15  pool=pos  shift=1.119276523590088  shift_rand=1.1320067644119263  refalt=0.5862  ref_copy=0.5916  ref_only=0.5945  diff_lin=0.4894  diff_gbt=0.5522  rand_gbt=0.5550  delta=-0.0054
model=caduceus  layer=final  pool=mean  shift=5.604331090580672e-05  shift_rand=5.2688224968733266e-05  refalt=0.5624  ref_copy=0.5624  ref_only=0.5647  diff_lin=0.4940  diff_gbt=0.5280  rand_gbt=0.5381  delta=-0.0001
model=caduceus  layer=final  pool=w1k  shift=0.0008112806244753301  shift_rand=0.000803858507424593  refalt=0.6103  ref_copy=0.6102  ref_only=0.6131  diff_lin=0.5031  diff_gbt=0.5795  rand_gbt=0.5451  delta=0.0001
model=caduceus  layer=final  pool=w64  shift=0.006512245163321495  shift_rand=0.006841644644737244  refalt=0.6089  ref_copy=0.6090  ref_only=0.6136  diff_lin=0.4891  diff_gbt=0.5656  rand_gbt=0.5603  delta=-0.0001
model=caduceus  layer=final  pool=pos  shift=0.3734890818595886  shift_rand=0.360498309135437  refalt=0.5843  ref_copy=0.5904  ref_only=0.5928  diff_lin=0.4927  diff_gbt=0.5691  rand_gbt=0.5846  delta=-0.0061

caduceus: max |delta| 0.0165; best refalt 0.610; best diff_gbt 0.580 (layer final, w1k; rand control there 0.545); mean diff_gbt - rand_gbt +0.0036

hyena: max |delta| 0.0129; best refalt 0.602; best diff_gbt 0.556 (layer 1, w1k; rand control there 0.547); mean diff_gbt - rand_gbt -0.0064
